Running Suite: conformance tests - /home/nils/Documents/Programming/simle-reg/test/conformance
==============================================================================================
Random Seed: [1m1748362081[0m

Will run [1m79[0m of [1m79[0m specs
[38;5;10m•[0m[38;5;10m•[0m[38;5;10m•[0m
[38;5;243m------------------------------[0m
[38;5;9m• [FAILED] [0.000 seconds][0m
[0mOCI Distribution Conformance Tests [38;5;243mPull [0mSetup [38;5;9m[1m[It] Populate registry with test manifest[0m
[38;5;243m/home/nils/Documents/Programming/simle-reg/test/conformance/01_pull_test.go:72[0m

  [38;5;9m[FAILED] Expected
      <int>: 404
  to be <
      <int>: 300[0m
  [38;5;9mIn [1m[It][0m[38;5;9m at: [1m/home/nils/Documents/Programming/simle-reg/test/conformance/01_pull_test.go:82[0m [38;5;243m@ 05/27/25 18:08:01.872[0m
[38;5;243m------------------------------[0m
[38;5;9m• [FAILED] [0.000 seconds][0m
[0mOCI Distribution Conformance Tests [38;5;243mPull [0mSetup [38;5;9m[1m[It] Populate registry with test manifest[0m
[38;5;243m/home/nils/Documents/Programming/simle-reg/test/conformance/01_pull_test.go:87[0m

  [38;5;9m[FAILED] Expected
      <int>: 404
  to be <
      <int>: 300[0m
  [38;5;9mIn [1m[It][0m[38;5;9m at: [1m/home/nils/Documents/Programming/simle-reg/test/conformance/01_pull_test.go:96[0m [38;5;243m@ 05/27/25 18:08:01.872[0m
[38;5;243m------------------------------[0m
[38;5;14mS[0m
[38;5;243m------------------------------[0m
[38;5;9m• [FAILED] [0.000 seconds][0m
[0mOCI Distribution Conformance Tests [38;5;243mPull [0mPull blobs [38;5;9m[1m[It] HEAD request to nonexistent blob should result in 404 response[0m
[38;5;243m/home/nils/Documents/Programming/simle-reg/test/conformance/01_pull_test.go:112[0m

  [38;5;9m[FAILED] Expected
      <int>: 405
  to equal
      <int>: 404[0m
  [38;5;9mIn [1m[It][0m[38;5;9m at: [1m/home/nils/Documents/Programming/simle-reg/test/conformance/01_pull_test.go:118[0m [38;5;243m@ 05/27/25 18:08:01.873[0m
[38;5;243m------------------------------[0m
[38;5;9m• [FAILED] [0.000 seconds][0m
[0mOCI Distribution Conformance Tests [38;5;243mPull [0mPull blobs [38;5;9m[1m[It] HEAD request to existing blob should yield 200[0m
[38;5;243m/home/nils/Documents/Programming/simle-reg/test/conformance/01_pull_test.go:121[0m

  [38;5;9m[FAILED] Expected
      <int>: 405
  to equal
      <int>: 200[0m
  [38;5;9mIn [1m[It][0m[38;5;9m at: [1m/home/nils/Documents/Programming/simle-reg/test/conformance/01_pull_test.go:127[0m [38;5;243m@ 05/27/25 18:08:01.873[0m
[38;5;243m------------------------------[0m
[38;5;10m•[0m[38;5;10m•[0m[38;5;10m•[0m
[38;5;243m------------------------------[0m
[38;5;9m• [FAILED] [0.000 seconds][0m
[0mOCI Distribution Conformance Tests [38;5;243mPull [0mPull manifests [38;5;9m[1m[It] HEAD request to manifest[0] path (digest) should yield 200 response[0m
[38;5;243m/home/nils/Documents/Programming/simle-reg/test/conformance/01_pull_test.go:161[0m

  [38;5;9m[FAILED] Expected
      <int>: 404
  to equal
      <int>: 200[0m
  [38;5;9mIn [1m[It][0m[38;5;9m at: [1m/home/nils/Documents/Programming/simle-reg/test/conformance/01_pull_test.go:167[0m [38;5;243m@ 05/27/25 18:08:01.874[0m
[38;5;243m------------------------------[0m
[38;5;9m• [FAILED] [0.000 seconds][0m
[0mOCI Distribution Conformance Tests [38;5;243mPull [0mPull manifests [38;5;9m[1m[It] HEAD request to manifest[1] path (digest) should yield 200 response[0m
[38;5;243m/home/nils/Documents/Programming/simle-reg/test/conformance/01_pull_test.go:173[0m

  [38;5;9m[FAILED] Expected
      <int>: 404
  to equal
      <int>: 200[0m
  [38;5;9mIn [1m[It][0m[38;5;9m at: [1m/home/nils/Documents/Programming/simle-reg/test/conformance/01_pull_test.go:179[0m [38;5;243m@ 05/27/25 18:08:01.874[0m
[38;5;243m------------------------------[0m
[38;5;9m• [FAILED] [0.000 seconds][0m
[0mOCI Distribution Conformance Tests [38;5;243mPull [0mPull manifests [38;5;9m[1m[It] HEAD request to manifest path (tag) should yield 200 response[0m
[38;5;243m/home/nils/Documents/Programming/simle-reg/test/conformance/01_pull_test.go:185[0m

  [38;5;9m[FAILED] Expected
      <int>: 404
  to equal
      <int>: 200[0m
  [38;5;9mIn [1m[It][0m[38;5;9m at: [1m/home/nils/Documents/Programming/simle-reg/test/conformance/01_pull_test.go:192[0m [38;5;243m@ 05/27/25 18:08:01.874[0m
[38;5;243m------------------------------[0m
[38;5;10m•[0m
[38;5;243m------------------------------[0m
[38;5;9m• [FAILED] [0.000 seconds][0m
[0mOCI Distribution Conformance Tests [38;5;243mPull [0mPull manifests [38;5;9m[1m[It] GET request to manifest[0] path (digest) should yield 200 response[0m
[38;5;243m/home/nils/Documents/Programming/simle-reg/test/conformance/01_pull_test.go:207[0m

  [38;5;9m[FAILED] Expected
      <int>: 404
  to equal
      <int>: 200[0m
  [38;5;9mIn [1m[It][0m[38;5;9m at: [1m/home/nils/Documents/Programming/simle-reg/test/conformance/01_pull_test.go:213[0m [38;5;243m@ 05/27/25 18:08:01.875[0m
[38;5;243m------------------------------[0m
[38;5;9m• [FAILED] [0.001 seconds][0m
[0mOCI Distribution Conformance Tests [38;5;243mPull [0mPull manifests [38;5;9m[1m[It] GET request to manifest[1] path (digest) should yield 200 response[0m
[38;5;243m/home/nils/Documents/Programming/simle-reg/test/conformance/01_pull_test.go:216[0m

  [38;5;9m[FAILED] Expected
      <int>: 404
  to equal
      <int>: 200[0m
  [38;5;9mIn [1m[It][0m[38;5;9m at: [1m/home/nils/Documents/Programming/simle-reg/test/conformance/01_pull_test.go:222[0m [38;5;243m@ 05/27/25 18:08:01.875[0m
[38;5;243m------------------------------[0m
[38;5;9m• [FAILED] [0.000 seconds][0m
[0mOCI Distribution Conformance Tests [38;5;243mPull [0mPull manifests [38;5;9m[1m[It] GET request to manifest path (tag) should yield 200 response[0m
[38;5;243m/home/nils/Documents/Programming/simle-reg/test/conformance/01_pull_test.go:225[0m

  [38;5;9m[FAILED] Expected
      <int>: 404
  to equal
      <int>: 200[0m
  [38;5;9mIn [1m[It][0m[38;5;9m at: [1m/home/nils/Documents/Programming/simle-reg/test/conformance/01_pull_test.go:232[0m [38;5;243m@ 05/27/25 18:08:01.876[0m
[38;5;243m------------------------------[0m
[38;5;10m•[0m[38;5;10m•[0m[38;5;10m•[0m[38;5;10m•[0m
[38;5;243m------------------------------[0m
[38;5;9m• [FAILED] [0.000 seconds][0m
[0mOCI Distribution Conformance Tests [38;5;243mPull [0mTeardown [38;5;9m[1m[It] Delete manifest[0] created in setup[0m
[38;5;243m/home/nils/Documents/Programming/simle-reg/test/conformance/01_pull_test.go:338[0m

  [38;5;9m[FAILED] Expected
      <int>: 404
  To satisfy at least one of these matchers: [%!s(*matchers.AndMatcher=&{[0xc00068a750 0xc00068a780] 0xc00068a780}) %!s(*matchers.EqualMatcher=&{405})][0m
  [38;5;9mIn [1m[It][0m[38;5;9m at: [1m/home/nils/Documents/Programming/simle-reg/test/conformance/01_pull_test.go:344[0m [38;5;243m@ 05/27/25 18:08:01.877[0m
[38;5;243m------------------------------[0m
[38;5;9m• [FAILED] [0.000 seconds][0m
[0mOCI Distribution Conformance Tests [38;5;243mPull [0mTeardown [38;5;9m[1m[It] Delete manifest[1] created in setup[0m
[38;5;243m/home/nils/Documents/Programming/simle-reg/test/conformance/01_pull_test.go:352[0m

  [38;5;9m[FAILED] Expected
      <int>: 404
  To satisfy at least one of these matchers: [%!s(*matchers.AndMatcher=&{[0xc00068ae40 0xc00068ae70] 0xc00068ae70}) %!s(*matchers.EqualMatcher=&{405})][0m
  [38;5;9mIn [1m[It][0m[38;5;9m at: [1m/home/nils/Documents/Programming/simle-reg/test/conformance/01_pull_test.go:358[0m [38;5;243m@ 05/27/25 18:08:01.877[0m
[38;5;243m------------------------------[0m
[38;5;10m•[0m[38;5;10m•[0m[38;5;10m•[0m[38;5;10m•[0m
[38;5;243m------------------------------[0m
[38;5;9m• [FAILED] [0.000 seconds][0m
[0mOCI Distribution Conformance Tests [38;5;243mPush [0mBlob Upload Monolithic [38;5;9m[1m[It] GET request to blob URL from prior request should yield 200 or 404 based on response code[0m
[38;5;243m/home/nils/Documents/Programming/simle-reg/test/conformance/02_push_test.go:85[0m

  [38;5;9m[FAILED] Expected
      <int>: 200
  to equal
      <int>: 404[0m
  [38;5;9mIn [1m[It][0m[38;5;9m at: [1m/home/nils/Documents/Programming/simle-reg/test/conformance/02_push_test.go:92[0m [38;5;243m@ 05/27/25 18:08:01.879[0m
[38;5;243m------------------------------[0m
[38;5;10m•[0m[38;5;10m•[0m[38;5;10m•[0m[38;5;10m•[0m[38;5;10m•[0m
[38;5;243m------------------------------[0m
[38;5;9m• [FAILED] [0.001 seconds][0m
[0mOCI Distribution Conformance Tests [38;5;243mPush [0mBlob Upload Chunked [38;5;9m[1m[It] Out-of-order blob upload should return 416[0m
[38;5;243m/home/nils/Documents/Programming/simle-reg/test/conformance/02_push_test.go:156[0m

  [38;5;9m[FAILED] Expected
      <int>: 202
  to equal
      <int>: 416[0m
  [38;5;9mIn [1m[It][0m[38;5;9m at: [1m/home/nils/Documents/Programming/simle-reg/test/conformance/02_push_test.go:182[0m [38;5;243m@ 05/27/25 18:08:01.881[0m
[38;5;243m------------------------------[0m
[38;5;10m•[0m
[38;5;243m------------------------------[0m
[38;5;9m• [FAILED] [0.000 seconds][0m
[0mOCI Distribution Conformance Tests [38;5;243mPush [0mBlob Upload Chunked [38;5;9m[1m[It] Retry previous blob chunk should return 416[0m
[38;5;243m/home/nils/Documents/Programming/simle-reg/test/conformance/02_push_test.go:206[0m

  [38;5;9m[FAILED] Expected
      <int>: 202
  to equal
      <int>: 416[0m
  [38;5;9mIn [1m[It][0m[38;5;9m at: [1m/home/nils/Documents/Programming/simle-reg/test/conformance/02_push_test.go:215[0m [38;5;243m@ 05/27/25 18:08:01.882[0m
[38;5;243m------------------------------[0m
[38;5;9m• [FAILED] [0.000 seconds][0m
[0mOCI Distribution Conformance Tests [38;5;243mPush [0mBlob Upload Chunked [38;5;9m[1m[It] Get on stale blob upload should return 204 with a range and location[0m
[38;5;243m/home/nils/Documents/Programming/simle-reg/test/conformance/02_push_test.go:218[0m

  [38;5;9m[FAILED] Expected
      <int>: 405
  to equal
      <int>: 204[0m
  [38;5;9mIn [1m[It][0m[38;5;9m at: [1m/home/nils/Documents/Programming/simle-reg/test/conformance/02_push_test.go:223[0m [38;5;243m@ 05/27/25 18:08:01.882[0m
[38;5;243m------------------------------[0m
[38;5;10m•[0m[38;5;10m•[0m[38;5;10m•[0m[38;5;10m•[0m[38;5;14mS[0m[38;5;10m•[0m[38;5;14mS[0m[38;5;14mS[0m[38;5;10m•[0m
[38;5;243m------------------------------[0m
[38;5;9m• [FAILED] [0.000 seconds][0m
[0mOCI Distribution Conformance Tests [38;5;243mPush [0mManifest Upload [38;5;9m[1m[It] PUT should accept a manifest upload[0m
[38;5;243m/home/nils/Documents/Programming/simle-reg/test/conformance/02_push_test.go:338[0m

  [38;5;9m[FAILED] Expected
      <string>: 
  not to be empty[0m
  [38;5;9mIn [1m[It][0m[38;5;9m at: [1m/home/nils/Documents/Programming/simle-reg/test/conformance/02_push_test.go:349[0m [38;5;243m@ 05/27/25 18:08:01.884[0m
[38;5;243m------------------------------[0m
[38;5;10m•[0m
[38;5;243m------------------------------[0m
[38;5;9m• [FAILED] [0.000 seconds][0m
[0mOCI Distribution Conformance Tests [38;5;243mPush [0mManifest Upload [38;5;9m[1m[It] GET request to manifest URL (digest) should yield 200 response[0m
[38;5;243m/home/nils/Documents/Programming/simle-reg/test/conformance/02_push_test.go:372[0m

  [38;5;9m[FAILED] Expected
      <int>: 404
  to equal
      <int>: 200[0m
  [38;5;9mIn [1m[It][0m[38;5;9m at: [1m/home/nils/Documents/Programming/simle-reg/test/conformance/02_push_test.go:378[0m [38;5;243m@ 05/27/25 18:08:01.885[0m
[38;5;243m------------------------------[0m
[38;5;10m•[0m[38;5;10m•[0m
[38;5;243m------------------------------[0m
[38;5;9m• [FAILED] [0.000 seconds][0m
[0mOCI Distribution Conformance Tests [38;5;243mPush [0mTeardown [38;5;9m[1m[It] Delete manifest created in tests[0m
[38;5;243m/home/nils/Documents/Programming/simle-reg/test/conformance/02_push_test.go:445[0m

  [38;5;9m[FAILED] Expected
      <int>: 404
  To satisfy at least one of these matchers: [%!s(*matchers.AndMatcher=&{[0xc0004cd5c0 0xc0004cd5f0] 0xc0004cd5f0}) %!s(*matchers.EqualMatcher=&{405})][0m
  [38;5;9mIn [1m[It][0m[38;5;9m at: [1m/home/nils/Documents/Programming/simle-reg/test/conformance/02_push_test.go:451[0m [38;5;243m@ 05/27/25 18:08:01.886[0m
[38;5;243m------------------------------[0m
[38;5;10m•[0m[38;5;10m•[0m
[38;5;243m------------------------------[0m
[38;5;9m• [FAILED] [0.000 seconds][0m
[0mOCI Distribution Conformance Tests [38;5;243mContent Discovery [0mSetup [38;5;9m[1m[It] Populate registry with test tags[0m
[38;5;243m/home/nils/Documents/Programming/simle-reg/test/conformance/03_discovery_test.go:60[0m

  [38;5;9m[FAILED] Expected
      <int>: 404
  to be <
      <int>: 300[0m
  [38;5;9mIn [1m[It][0m[38;5;9m at: [1m/home/nils/Documents/Programming/simle-reg/test/conformance/03_discovery_test.go:72[0m [38;5;243m@ 05/27/25 18:08:01.887[0m
[38;5;243m------------------------------[0m
[38;5;14mS[0m
[38;5;243m------------------------------[0m
[38;5;9m• [FAILED] [0.001 seconds][0m
[0mOCI Distribution Conformance Tests [38;5;243mContent Discovery [0mSetup [38;5;9m[1m[It] References setup[0m
[38;5;243m/home/nils/Documents/Programming/simle-reg/test/conformance/03_discovery_test.go:88[0m

  [38;5;9m[FAILED] Expected
      <int>: 404
  to be <
      <int>: 300[0m
  [38;5;9mIn [1m[It][0m[38;5;9m at: [1m/home/nils/Documents/Programming/simle-reg/test/conformance/03_discovery_test.go:131[0m [38;5;243m@ 05/27/25 18:08:01.889[0m
[38;5;243m------------------------------[0m
[38;5;9m• [FAILED] [0.000 seconds][0m
[0mOCI Distribution Conformance Tests [38;5;243mContent Discovery [0mTest content discovery endpoints (listing tags) [38;5;9m[1m[It] GET request to list tags should yield 200 response[0m
[38;5;243m/home/nils/Documents/Programming/simle-reg/test/conformance/03_discovery_test.go:256[0m

  [38;5;9m[FAILED] Expected
      <int>: 404
  to equal
      <int>: 200[0m
  [38;5;9mIn [1m[It][0m[38;5;9m at: [1m/home/nils/Documents/Programming/simle-reg/test/conformance/03_discovery_test.go:261[0m [38;5;243m@ 05/27/25 18:08:01.889[0m
[38;5;243m------------------------------[0m
[38;5;9m• [FAILED] [0.000 seconds][0m
[0mOCI Distribution Conformance Tests [38;5;243mContent Discovery [0mTest content discovery endpoints (listing tags) [38;5;9m[1m[It] GET number of tags should be limitable by `n` query parameter[0m
[38;5;243m/home/nils/Documents/Programming/simle-reg/test/conformance/03_discovery_test.go:266[0m

  [38;5;9m[FAILED] Expected
      <int>: 404
  to equal
      <int>: 200[0m
  [38;5;9mIn [1m[It][0m[38;5;9m at: [1m/home/nils/Documents/Programming/simle-reg/test/conformance/03_discovery_test.go:273[0m [38;5;243m@ 05/27/25 18:08:01.889[0m
[38;5;243m------------------------------[0m
[38;5;13m• [PANICKED] [0.000 seconds][0m
[0mOCI Distribution Conformance Tests [38;5;243mContent Discovery [0mTest content discovery endpoints (listing tags) [38;5;13m[1m[It] GET start of tag is set by `last` query parameter[0m
[38;5;243m/home/nils/Documents/Programming/simle-reg/test/conformance/03_discovery_test.go:279[0m

  [38;5;13m[PANICKED] Test Panicked[0m
  [38;5;13mIn [1m[It][0m[38;5;13m at: [1m/usr/lib/go/src/runtime/panic.go:115[0m [38;5;243m@ 05/27/25 18:08:01.89[0m

  [38;5;13mruntime error: index out of range [1] with length 0[0m

  [38;5;13mFull Stack Trace[0m
    github.com/opencontainers/distribution-spec/conformance.init.func3.1.2.3()
    	/home/nils/Documents/Programming/simle-reg/test/conformance/03_discovery_test.go:289 +0x745
[38;5;243m------------------------------[0m
[38;5;9m• [FAILED] [0.000 seconds][0m
[0mOCI Distribution Conformance Tests [38;5;243mContent Discovery [0mTest content discovery endpoints (listing references) [38;5;9m[1m[It] GET request to nonexistent blob should result in empty 200 response[0m
[38;5;243m/home/nils/Documents/Programming/simle-reg/test/conformance/03_discovery_test.go:300[0m

  [38;5;9m[FAILED] Expected
      <int>: 404
  to equal
      <int>: 200[0m
  [38;5;9mIn [1m[It][0m[38;5;9m at: [1m/home/nils/Documents/Programming/simle-reg/test/conformance/03_discovery_test.go:306[0m [38;5;243m@ 05/27/25 18:08:01.89[0m
[38;5;243m------------------------------[0m
[38;5;9m• [FAILED] [0.000 seconds][0m
[0mOCI Distribution Conformance Tests [38;5;243mContent Discovery [0mTest content discovery endpoints (listing references) [38;5;9m[1m[It] GET request to existing blob should yield 200[0m
[38;5;243m/home/nils/Documents/Programming/simle-reg/test/conformance/03_discovery_test.go:315[0m

  [38;5;9m[FAILED] Expected
      <int>: 404
  to equal
      <int>: 200[0m
  [38;5;9mIn [1m[It][0m[38;5;9m at: [1m/home/nils/Documents/Programming/simle-reg/test/conformance/03_discovery_test.go:321[0m [38;5;243m@ 05/27/25 18:08:01.89[0m
[38;5;243m------------------------------[0m
[38;5;9m• [FAILED] [0.000 seconds][0m
[0mOCI Distribution Conformance Tests [38;5;243mContent Discovery [0mTest content discovery endpoints (listing references) [38;5;9m[1m[It] GET request to existing blob with filter should yield 200[0m
[38;5;243m/home/nils/Documents/Programming/simle-reg/test/conformance/03_discovery_test.go:335[0m

  [38;5;9m[FAILED] Expected
      <int>: 404
  to equal
      <int>: 200[0m
  [38;5;9mIn [1m[It][0m[38;5;9m at: [1m/home/nils/Documents/Programming/simle-reg/test/conformance/03_discovery_test.go:342[0m [38;5;243m@ 05/27/25 18:08:01.891[0m
[38;5;243m------------------------------[0m
[38;5;9m• [FAILED] [0.000 seconds][0m
[0mOCI Distribution Conformance Tests [38;5;243mContent Discovery [0mTest content discovery endpoints (listing references) [38;5;9m[1m[It] GET request to missing manifest should yield 200[0m
[38;5;243m/home/nils/Documents/Programming/simle-reg/test/conformance/03_discovery_test.go:367[0m

  [38;5;9m[FAILED] Expected
      <int>: 404
  to equal
      <int>: 200[0m
  [38;5;9mIn [1m[It][0m[38;5;9m at: [1m/home/nils/Documents/Programming/simle-reg/test/conformance/03_discovery_test.go:373[0m [38;5;243m@ 05/27/25 18:08:01.891[0m
[38;5;243m------------------------------[0m
[38;5;10m•[0m[38;5;10m•[0m[38;5;10m•[0m[38;5;10m•[0m[38;5;10m•[0m[38;5;10m•[0m
[38;5;243m------------------------------[0m
[38;5;9m• [FAILED] [0.000 seconds][0m
[0mOCI Distribution Conformance Tests [38;5;243mContent Management [0mSetup [38;5;9m[1m[It] Populate registry with test tag[0m
[38;5;243m/home/nils/Documents/Programming/simle-reg/test/conformance/04_management_test.go:57[0m

  [38;5;9m[FAILED] Expected
      <int>: 404
  to be <
      <int>: 300[0m
  [38;5;9mIn [1m[It][0m[38;5;9m at: [1m/home/nils/Documents/Programming/simle-reg/test/conformance/04_management_test.go:67[0m [38;5;243m@ 05/27/25 18:08:01.896[0m
[38;5;243m------------------------------[0m
[38;5;9m• [FAILED] [0.000 seconds][0m
[0mOCI Distribution Conformance Tests [38;5;243mContent Management [0mSetup [38;5;9m[1m[It] Check how many tags there are before anything gets deleted[0m
[38;5;243m/home/nils/Documents/Programming/simle-reg/test/conformance/04_management_test.go:72[0m

  [38;5;9m[FAILED] Expected
      <int>: 404
  to equal
      <int>: 200[0m
  [38;5;9mIn [1m[It][0m[38;5;9m at: [1m/home/nils/Documents/Programming/simle-reg/test/conformance/04_management_test.go:78[0m [38;5;243m@ 05/27/25 18:08:01.896[0m
[38;5;243m------------------------------[0m
[38;5;9m• [FAILED] [0.000 seconds][0m
[0mOCI Distribution Conformance Tests [38;5;243mContent Management [0mManifest delete [38;5;9m[1m[It] DELETE request to manifest tag should return 202, unless tag deletion is disallowed (400/405)[0m
[38;5;243m/home/nils/Documents/Programming/simle-reg/test/conformance/04_management_test.go:88[0m

  [38;5;9m[FAILED] Expected
      <int>: 404
  To satisfy at least one of these matchers: [%!s(*matchers.EqualMatcher=&{400}) %!s(*matchers.EqualMatcher=&{202}) %!s(*matchers.EqualMatcher=&{405})][0m
  [38;5;9mIn [1m[It][0m[38;5;9m at: [1m/home/nils/Documents/Programming/simle-reg/test/conformance/04_management_test.go:94[0m [38;5;243m@ 05/27/25 18:08:01.897[0m
[38;5;243m------------------------------[0m
[38;5;10m•[0m[38;5;10m•[0m
[38;5;243m------------------------------[0m
[38;5;9m• [FAILED] [0.000 seconds][0m
[0mOCI Distribution Conformance Tests [38;5;243mContent Management [0mManifest delete [38;5;9m[1m[It] GET request to tags list should reflect manifest deletion[0m
[38;5;243m/home/nils/Documents/Programming/simle-reg/test/conformance/04_management_test.go:129[0m

  [38;5;9m[FAILED] Expected
      <int>: -1
  to equal
      <int>: 0[0m
  [38;5;9mIn [1m[It][0m[38;5;9m at: [1m/home/nils/Documents/Programming/simle-reg/test/conformance/04_management_test.go:147[0m [38;5;243m@ 05/27/25 18:08:01.897[0m
[38;5;243m------------------------------[0m
[38;5;10m•[0m[38;5;14mS[0m
HTML report was created: /home/nils/Documents/Programming/simle-reg/test/conformance/report.html

[38;5;9m[1mSummarizing 32 Failures:[0m
  [38;5;9m[FAIL][0m [0mOCI Distribution Conformance Tests [38;5;243mPull [0mSetup [38;5;9m[1m[It] Populate registry with test manifest[0m
  [38;5;243m/home/nils/Documents/Programming/simle-reg/test/conformance/01_pull_test.go:82[0m
  [38;5;9m[FAIL][0m [0mOCI Distribution Conformance Tests [38;5;243mPull [0mSetup [38;5;9m[1m[It] Populate registry with test manifest[0m
  [38;5;243m/home/nils/Documents/Programming/simle-reg/test/conformance/01_pull_test.go:96[0m
  [38;5;9m[FAIL][0m [0mOCI Distribution Conformance Tests [38;5;243mPull [0mPull blobs [38;5;9m[1m[It] HEAD request to nonexistent blob should result in 404 response[0m
  [38;5;243m/home/nils/Documents/Programming/simle-reg/test/conformance/01_pull_test.go:118[0m
  [38;5;9m[FAIL][0m [0mOCI Distribution Conformance Tests [38;5;243mPull [0mPull blobs [38;5;9m[1m[It] HEAD request to existing blob should yield 200[0m
  [38;5;243m/home/nils/Documents/Programming/simle-reg/test/conformance/01_pull_test.go:127[0m
  [38;5;9m[FAIL][0m [0mOCI Distribution Conformance Tests [38;5;243mPull [0mPull manifests [38;5;9m[1m[It] HEAD request to manifest[0] path (digest) should yield 200 response[0m
  [38;5;243m/home/nils/Documents/Programming/simle-reg/test/conformance/01_pull_test.go:167[0m
  [38;5;9m[FAIL][0m [0mOCI Distribution Conformance Tests [38;5;243mPull [0mPull manifests [38;5;9m[1m[It] HEAD request to manifest[1] path (digest) should yield 200 response[0m
  [38;5;243m/home/nils/Documents/Programming/simle-reg/test/conformance/01_pull_test.go:179[0m
  [38;5;9m[FAIL][0m [0mOCI Distribution Conformance Tests [38;5;243mPull [0mPull manifests [38;5;9m[1m[It] HEAD request to manifest path (tag) should yield 200 response[0m
  [38;5;243m/home/nils/Documents/Programming/simle-reg/test/conformance/01_pull_test.go:192[0m
  [38;5;9m[FAIL][0m [0mOCI Distribution Conformance Tests [38;5;243mPull [0mPull manifests [38;5;9m[1m[It] GET request to manifest[0] path (digest) should yield 200 response[0m
  [38;5;243m/home/nils/Documents/Programming/simle-reg/test/conformance/01_pull_test.go:213[0m
  [38;5;9m[FAIL][0m [0mOCI Distribution Conformance Tests [38;5;243mPull [0mPull manifests [38;5;9m[1m[It] GET request to manifest[1] path (digest) should yield 200 response[0m
  [38;5;243m/home/nils/Documents/Programming/simle-reg/test/conformance/01_pull_test.go:222[0m
  [38;5;9m[FAIL][0m [0mOCI Distribution Conformance Tests [38;5;243mPull [0mPull manifests [38;5;9m[1m[It] GET request to manifest path (tag) should yield 200 response[0m
  [38;5;243m/home/nils/Documents/Programming/simle-reg/test/conformance/01_pull_test.go:232[0m
  [38;5;9m[FAIL][0m [0mOCI Distribution Conformance Tests [38;5;243mPull [0mTeardown [38;5;9m[1m[It] Delete manifest[0] created in setup[0m
  [38;5;243m/home/nils/Documents/Programming/simle-reg/test/conformance/01_pull_test.go:344[0m
  [38;5;9m[FAIL][0m [0mOCI Distribution Conformance Tests [38;5;243mPull [0mTeardown [38;5;9m[1m[It] Delete manifest[1] created in setup[0m
  [38;5;243m/home/nils/Documents/Programming/simle-reg/test/conformance/01_pull_test.go:358[0m
  [38;5;9m[FAIL][0m [0mOCI Distribution Conformance Tests [38;5;243mPush [0mBlob Upload Monolithic [38;5;9m[1m[It] GET request to blob URL from prior request should yield 200 or 404 based on response code[0m
  [38;5;243m/home/nils/Documents/Programming/simle-reg/test/conformance/02_push_test.go:92[0m
  [38;5;9m[FAIL][0m [0mOCI Distribution Conformance Tests [38;5;243mPush [0mBlob Upload Chunked [38;5;9m[1m[It] Out-of-order blob upload should return 416[0m
  [38;5;243m/home/nils/Documents/Programming/simle-reg/test/conformance/02_push_test.go:182[0m
  [38;5;9m[FAIL][0m [0mOCI Distribution Conformance Tests [38;5;243mPush [0mBlob Upload Chunked [38;5;9m[1m[It] Retry previous blob chunk should return 416[0m
  [38;5;243m/home/nils/Documents/Programming/simle-reg/test/conformance/02_push_test.go:215[0m
  [38;5;9m[FAIL][0m [0mOCI Distribution Conformance Tests [38;5;243mPush [0mBlob Upload Chunked [38;5;9m[1m[It] Get on stale blob upload should return 204 with a range and location[0m
  [38;5;243m/home/nils/Documents/Programming/simle-reg/test/conformance/02_push_test.go:223[0m
  [38;5;9m[FAIL][0m [0mOCI Distribution Conformance Tests [38;5;243mPush [0mManifest Upload [38;5;9m[1m[It] PUT should accept a manifest upload[0m
  [38;5;243m/home/nils/Documents/Programming/simle-reg/test/conformance/02_push_test.go:349[0m
  [38;5;9m[FAIL][0m [0mOCI Distribution Conformance Tests [38;5;243mPush [0mManifest Upload [38;5;9m[1m[It] GET request to manifest URL (digest) should yield 200 response[0m
  [38;5;243m/home/nils/Documents/Programming/simle-reg/test/conformance/02_push_test.go:378[0m
  [38;5;9m[FAIL][0m [0mOCI Distribution Conformance Tests [38;5;243mPush [0mTeardown [38;5;9m[1m[It] Delete manifest created in tests[0m
  [38;5;243m/home/nils/Documents/Programming/simle-reg/test/conformance/02_push_test.go:451[0m
  [38;5;9m[FAIL][0m [0mOCI Distribution Conformance Tests [38;5;243mContent Discovery [0mSetup [38;5;9m[1m[It] Populate registry with test tags[0m
  [38;5;243m/home/nils/Documents/Programming/simle-reg/test/conformance/03_discovery_test.go:72[0m
  [38;5;9m[FAIL][0m [0mOCI Distribution Conformance Tests [38;5;243mContent Discovery [0mSetup [38;5;9m[1m[It] References setup[0m
  [38;5;243m/home/nils/Documents/Programming/simle-reg/test/conformance/03_discovery_test.go:131[0m
  [38;5;9m[FAIL][0m [0mOCI Distribution Conformance Tests [38;5;243mContent Discovery [0mTest content discovery endpoints (listing tags) [38;5;9m[1m[It] GET request to list tags should yield 200 response[0m
  [38;5;243m/home/nils/Documents/Programming/simle-reg/test/conformance/03_discovery_test.go:261[0m
  [38;5;9m[FAIL][0m [0mOCI Distribution Conformance Tests [38;5;243mContent Discovery [0mTest content discovery endpoints (listing tags) [38;5;9m[1m[It] GET number of tags should be limitable by `n` query parameter[0m
  [38;5;243m/home/nils/Documents/Programming/simle-reg/test/conformance/03_discovery_test.go:273[0m
  [38;5;13m[PANICKED!][0m [0mOCI Distribution Conformance Tests [38;5;243mContent Discovery [0mTest content discovery endpoints (listing tags) [38;5;13m[1m[It] GET start of tag is set by `last` query parameter[0m
  [38;5;243m/usr/lib/go/src/runtime/panic.go:115[0m
  [38;5;9m[FAIL][0m [0mOCI Distribution Conformance Tests [38;5;243mContent Discovery [0mTest content discovery endpoints (listing references) [38;5;9m[1m[It] GET request to nonexistent blob should result in empty 200 response[0m
  [38;5;243m/home/nils/Documents/Programming/simle-reg/test/conformance/03_discovery_test.go:306[0m
  [38;5;9m[FAIL][0m [0mOCI Distribution Conformance Tests [38;5;243mContent Discovery [0mTest content discovery endpoints (listing references) [38;5;9m[1m[It] GET request to existing blob should yield 200[0m
  [38;5;243m/home/nils/Documents/Programming/simle-reg/test/conformance/03_discovery_test.go:321[0m
  [38;5;9m[FAIL][0m [0mOCI Distribution Conformance Tests [38;5;243mContent Discovery [0mTest content discovery endpoints (listing references) [38;5;9m[1m[It] GET request to existing blob with filter should yield 200[0m
  [38;5;243m/home/nils/Documents/Programming/simle-reg/test/conformance/03_discovery_test.go:342[0m
  [38;5;9m[FAIL][0m [0mOCI Distribution Conformance Tests [38;5;243mContent Discovery [0mTest content discovery endpoints (listing references) [38;5;9m[1m[It] GET request to missing manifest should yield 200[0m
  [38;5;243m/home/nils/Documents/Programming/simle-reg/test/conformance/03_discovery_test.go:373[0m
  [38;5;9m[FAIL][0m [0mOCI Distribution Conformance Tests [38;5;243mContent Management [0mSetup [38;5;9m[1m[It] Populate registry with test tag[0m
  [38;5;243m/home/nils/Documents/Programming/simle-reg/test/conformance/04_management_test.go:67[0m
  [38;5;9m[FAIL][0m [0mOCI Distribution Conformance Tests [38;5;243mContent Management [0mSetup [38;5;9m[1m[It] Check how many tags there are before anything gets deleted[0m
  [38;5;243m/home/nils/Documents/Programming/simle-reg/test/conformance/04_management_test.go:78[0m
  [38;5;9m[FAIL][0m [0mOCI Distribution Conformance Tests [38;5;243mContent Management [0mManifest delete [38;5;9m[1m[It] DELETE request to manifest tag should return 202, unless tag deletion is disallowed (400/405)[0m
  [38;5;243m/home/nils/Documents/Programming/simle-reg/test/conformance/04_management_test.go:94[0m
  [38;5;9m[FAIL][0m [0mOCI Distribution Conformance Tests [38;5;243mContent Management [0mManifest delete [38;5;9m[1m[It] GET request to tags list should reflect manifest deletion[0m
  [38;5;243m/home/nils/Documents/Programming/simle-reg/test/conformance/04_management_test.go:147[0m

[38;5;9m[1mRan 73 of 79 Specs in 0.030 seconds[0m
[38;5;9m[1mFAIL![0m -- [38;5;10m[1m41 Passed[0m | [38;5;9m[1m32 Failed[0m | [38;5;11m[1m0 Pending[0m | [38;5;14m[1m6 Skipped[0m
--- FAIL: TestConformance (0.04s)
FAIL
